// Jest Snapshot v1, https://goo.gl/fbAQLP

exports[`renders correctly 1`] = `
<div>
  <div
    style={
      Object {
        "margin": "auto",
        "maxWidth": "960px",
        "width": "96%",
      }
    }
  >
    <div
      className={undefined}
      style={
        Object {
          "WebkitTapHighlightColor": "rgba(0,0,0,0)",
          "backgroundColor": "#00bcd4",
          "borderRadius": "0px",
          "boxShadow": "0 1px 6px rgba(0, 0, 0, 0.12),
                 0 1px 4px rgba(0, 0, 0, 0.12)",
          "boxSizing": "border-box",
          "color": "rgba(0, 0, 0, 0.87)",
          "display": "flex",
          "fontFamily": "Roboto, sans-serif",
          "muiPrepared": true,
          "paddingLeft": 24,
          "paddingRight": 24,
          "position": "relative",
          "transition": "all 450ms cubic-bezier(0.23, 1, 0.32, 1) 0ms",
          "width": "100%",
          "zIndex": 1100,
        }
      }
    >
      <h1
        onClick={[Function]}
        style={
          Object {
            "boxFlex": 1,
            "color": "#ffffff",
            "flex": "1",
            "fontSize": 24,
            "fontWeight": 400,
            "height": 64,
            "letterSpacing": 0,
            "lineHeight": "64px",
            "margin": 0,
            "muiPrepared": true,
            "overflow": "hidden",
            "paddingTop": 0,
            "textOverflow": "ellipsis",
            "whiteSpace": "nowrap",
          }
        }
      >
        Melhor oferta de trabalho
      </h1>
    </div>
    <h3
      style={
        Object {
          "textAlign": "center",
          "width": "100%",
        }
      }
    >
      Compare qual seria seu rendimento anual com CLT x PJ
    </h3>
    <div
      style={
        Object {
          "height": "auto",
          "muiPrepared": true,
          "overflow": "auto",
        }
      }
    >
      <div
        style={
          Object {
            "muiPrepared": true,
          }
        }
      >
        <table
          className={undefined}
          style={
            Object {
              "backgroundColor": "#ffffff",
              "borderCollapse": "collapse",
              "borderSpacing": 0,
              "fontFamily": "Roboto, sans-serif",
              "muiPrepared": true,
              "tableLayout": "fixed",
              "width": "100%",
            }
          }
        >
          <thead
            className={undefined}
            style={
              Object {
                "borderBottom": "1px solid #e0e0e0",
                "muiPrepared": true,
              }
            }
          >
            <tr
              className={undefined}
              style={
                Object {
                  "borderBottom": "1px solid #e0e0e0",
                  "color": "rgba(0, 0, 0, 0.87)",
                  "height": 48,
                  "muiPrepared": true,
                }
              }
            >
              <th
                className={undefined}
                onClick={[Function]}
                onMouseEnter={[Function]}
                onMouseLeave={[Function]}
                style={
                  Object {
                    "backgroundColor": "inherit",
                    "color": "#9e9e9e",
                    "fontSize": 12,
                    "fontWeight": "normal",
                    "height": 56,
                    "muiPrepared": true,
                    "paddingLeft": 24,
                    "paddingRight": 24,
                    "position": "relative",
                    "textAlign": "center",
                    "textOverflow": "ellipsis",
                    "whiteSpace": "nowrap",
                  }
                }
              >
                CLT
              </th>
              <th
                className={undefined}
                onClick={[Function]}
                onMouseEnter={[Function]}
                onMouseLeave={[Function]}
                style={
                  Object {
                    "backgroundColor": "inherit",
                    "color": "#9e9e9e",
                    "fontSize": 12,
                    "fontWeight": "normal",
                    "height": 56,
                    "muiPrepared": true,
                    "paddingLeft": 24,
                    "paddingRight": 24,
                    "position": "relative",
                    "textAlign": "center",
                    "textOverflow": "ellipsis",
                    "whiteSpace": "nowrap",
                  }
                }
              >
                PJ
              </th>
            </tr>
          </thead>
        </table>
      </div>
      <div
        style={
          Object {
            "height": "inherit",
            "muiPrepared": true,
            "overflowX": "hidden",
            "overflowY": "auto",
          }
        }
      >
        <table
          className={undefined}
          style={
            Object {
              "backgroundColor": "#ffffff",
              "borderCollapse": "collapse",
              "borderSpacing": 0,
              "fontFamily": "Roboto, sans-serif",
              "muiPrepared": true,
              "tableLayout": "fixed",
              "width": "100%",
            }
          }
        >
          <tbody
            style={
              Object {
                "muiPrepared": true,
              }
            }
          >
            <tr
              className={undefined}
              style={
                Object {
                  "borderBottom": false,
                  "color": "rgba(0, 0, 0, 0.87)",
                  "height": 48,
                  "muiPrepared": true,
                }
              }
            >
              <td
                className={undefined}
                onClick={[Function]}
                onMouseEnter={[Function]}
                onMouseLeave={[Function]}
                style={
                  Object {
                    "backgroundColor": "inherit",
                    "fontSize": 13,
                    "height": 48,
                    "muiPrepared": true,
                    "overflow": "hidden",
                    "paddingLeft": 24,
                    "paddingRight": 24,
                    "textAlign": "left",
                    "textOverflow": "ellipsis",
                    "whiteSpace": "nowrap",
                  }
                }
              >
                <div
                  className={undefined}
                  style={
                    Object {
                      "backgroundColor": "transparent",
                      "cursor": "auto",
                      "display": "inline-block",
                      "fontFamily": "Roboto, sans-serif",
                      "fontSize": 16,
                      "height": 72,
                      "lineHeight": "24px",
                      "muiPrepared": true,
                      "position": "relative",
                      "transition": "height 200ms cubic-bezier(0.23, 1, 0.32, 1) 0ms",
                      "width": "100%",
                    }
                  }
                >
                  <label
                    className={undefined}
                    htmlFor="Salário bruto CLT"
                    onClick={undefined}
                    style={
                      Object {
                        "color": "rgba(0, 0, 0, 0.3)",
                        "lineHeight": "22px",
                        "muiPrepared": true,
                        "pointerEvents": "none",
                        "position": "absolute",
                        "top": 38,
                        "transform": "scale(1) translate(0, 0)",
                        "transformOrigin": "left top",
                        "transition": "all 450ms cubic-bezier(0.23, 1, 0.32, 1) 0ms",
                        "userSelect": "none",
                        "zIndex": 1,
                      }
                    }
                  >
                    Salário bruto CLT
                  </label>
                  <input
                    disabled={false}
                    id="Salário bruto CLT"
                    onBlur={[Function]}
                    onChange={[Function]}
                    onFocus={[Function]}
                    style={
                      Object {
                        "WebkitOpacity": 1,
                        "WebkitTapHighlightColor": "rgba(0,0,0,0)",
                        "appearance": "textfield",
                        "backgroundColor": "rgba(0,0,0,0)",
                        "border": "none",
                        "boxSizing": "border-box",
                        "color": "rgba(0, 0, 0, 0.87)",
                        "cursor": "inherit",
                        "font": "inherit",
                        "height": "100%",
                        "marginTop": 14,
                        "muiPrepared": true,
                        "outline": "none",
                        "padding": 0,
                        "position": "relative",
                        "width": "100%",
                      }
                    }
                    type="text"
                  />
                  <div>
                    <hr
                      aria-hidden="true"
                      style={
                        Object {
                          "borderBottomStyle": "solid",
                          "borderBottomWidth": 1,
                          "borderColor": "#e0e0e0",
                          "borderLeft": "none",
                          "borderRight": "none",
                          "borderTop": "none",
                          "bottom": 8,
                          "boxSizing": "content-box",
                          "margin": 0,
                          "muiPrepared": true,
                          "position": "absolute",
                          "width": "100%",
                        }
                      }
                    />
                    <hr
                      aria-hidden="true"
                      style={
                        Object {
                          "borderBottomStyle": "solid",
                          "borderBottomWidth": 2,
                          "borderColor": "#00bcd4",
                          "borderLeft": "none",
                          "borderRight": "none",
                          "borderTop": "none",
                          "bottom": 8,
                          "boxSizing": "content-box",
                          "margin": 0,
                          "muiPrepared": true,
                          "position": "absolute",
                          "transform": "scaleX(0)",
                          "transition": "all 450ms cubic-bezier(0.23, 1, 0.32, 1) 0ms",
                          "width": "100%",
                        }
                      }
                    />
                  </div>
                </div>
              </td>
              <td
                className={undefined}
                onClick={[Function]}
                onMouseEnter={[Function]}
                onMouseLeave={[Function]}
                style={
                  Object {
                    "backgroundColor": "inherit",
                    "fontSize": 13,
                    "height": 48,
                    "muiPrepared": true,
                    "overflow": "hidden",
                    "paddingLeft": 24,
                    "paddingRight": 24,
                    "textAlign": "left",
                    "textOverflow": "ellipsis",
                    "whiteSpace": "nowrap",
                  }
                }
              >
                <div
                  className={undefined}
                  style={
                    Object {
                      "backgroundColor": "transparent",
                      "cursor": "auto",
                      "display": "inline-block",
                      "fontFamily": "Roboto, sans-serif",
                      "fontSize": 16,
                      "height": 72,
                      "lineHeight": "24px",
                      "muiPrepared": true,
                      "position": "relative",
                      "transition": "height 200ms cubic-bezier(0.23, 1, 0.32, 1) 0ms",
                      "width": "100%",
                    }
                  }
                >
                  <label
                    className={undefined}
                    htmlFor="Faturamento mensal MEI"
                    onClick={undefined}
                    style={
                      Object {
                        "color": "rgba(0, 0, 0, 0.3)",
                        "lineHeight": "22px",
                        "muiPrepared": true,
                        "pointerEvents": "none",
                        "position": "absolute",
                        "top": 38,
                        "transform": "scale(1) translate(0, 0)",
                        "transformOrigin": "left top",
                        "transition": "all 450ms cubic-bezier(0.23, 1, 0.32, 1) 0ms",
                        "userSelect": "none",
                        "zIndex": 1,
                      }
                    }
                  >
                    Faturamento mensal MEI
                  </label>
                  <input
                    disabled={false}
                    id="Faturamento mensal MEI"
                    onBlur={[Function]}
                    onChange={[Function]}
                    onFocus={[Function]}
                    style={
                      Object {
                        "WebkitOpacity": 1,
                        "WebkitTapHighlightColor": "rgba(0,0,0,0)",
                        "appearance": "textfield",
                        "backgroundColor": "rgba(0,0,0,0)",
                        "border": "none",
                        "boxSizing": "border-box",
                        "color": "rgba(0, 0, 0, 0.87)",
                        "cursor": "inherit",
                        "font": "inherit",
                        "height": "100%",
                        "marginTop": 14,
                        "muiPrepared": true,
                        "outline": "none",
                        "padding": 0,
                        "position": "relative",
                        "width": "100%",
                      }
                    }
                    type="text"
                  />
                  <div>
                    <hr
                      aria-hidden="true"
                      style={
                        Object {
                          "borderBottomStyle": "solid",
                          "borderBottomWidth": 1,
                          "borderColor": "#e0e0e0",
                          "borderLeft": "none",
                          "borderRight": "none",
                          "borderTop": "none",
                          "bottom": 8,
                          "boxSizing": "content-box",
                          "margin": 0,
                          "muiPrepared": true,
                          "position": "absolute",
                          "width": "100%",
                        }
                      }
                    />
                    <hr
                      aria-hidden="true"
                      style={
                        Object {
                          "borderBottomStyle": "solid",
                          "borderBottomWidth": 2,
                          "borderColor": "#00bcd4",
                          "borderLeft": "none",
                          "borderRight": "none",
                          "borderTop": "none",
                          "bottom": 8,
                          "boxSizing": "content-box",
                          "margin": 0,
                          "muiPrepared": true,
                          "position": "absolute",
                          "transform": "scaleX(0)",
                          "transition": "all 450ms cubic-bezier(0.23, 1, 0.32, 1) 0ms",
                          "width": "100%",
                        }
                      }
                    />
                  </div>
                </div>
              </td>
            </tr>
          </tbody>
        </table>
      </div>
      <div
        style={
          Object {
            "muiPrepared": true,
          }
        }
      >
        <table
          className={undefined}
          style={
            Object {
              "backgroundColor": "#ffffff",
              "borderCollapse": "collapse",
              "borderSpacing": 0,
              "fontFamily": "Roboto, sans-serif",
              "muiPrepared": true,
              "tableLayout": "fixed",
              "width": "100%",
            }
          }
        >
          <tfoot
            className={undefined}
            style={
              Object {
                "muiPrepared": true,
              }
            }
          >
            <tr
              className={undefined}
              style={
                Object {
                  "borderBottom": false,
                  "borderTop": "0px",
                  "color": "rgba(0, 0, 0, 0.87)",
                  "height": 48,
                  "muiPrepared": true,
                  "padding": 20,
                  "textAlign": "left",
                  "verticalAlign": "bottom",
                  "whiteSpace": "nowrap",
                }
              }
            >
              <td
                className={undefined}
                onClick={[Function]}
                onMouseEnter={[Function]}
                onMouseLeave={[Function]}
                style={
                  Object {
                    "backgroundColor": "inherit",
                    "fontSize": 13,
                    "height": 48,
                    "muiPrepared": true,
                    "overflow": "hidden",
                    "paddingLeft": 24,
                    "paddingRight": 24,
                    "textAlign": "center",
                    "textOverflow": "ellipsis",
                    "whiteSpace": "nowrap",
                  }
                }
              >
                <div
                  className={undefined}
                  style={
                    Object {
                      "WebkitTapHighlightColor": "rgba(0,0,0,0)",
                      "backgroundColor": "#ffffff",
                      "borderRadius": 2,
                      "boxShadow": "0 1px 6px rgba(0, 0, 0, 0.12),
                             0 1px 4px rgba(0, 0, 0, 0.12)",
                      "boxSizing": "border-box",
                      "color": "rgba(0, 0, 0, 0.87)",
                      "display": "inline-block",
                      "fontFamily": "Roboto, sans-serif",
                      "minWidth": 88,
                      "muiPrepared": true,
                      "transition": "all 450ms cubic-bezier(0.23, 1, 0.32, 1) 0ms",
                    }
                  }
                >
                  <button
                    disabled={false}
                    onBlur={[Function]}
                    onClick={[Function]}
                    onFocus={[Function]}
                    onKeyDown={[Function]}
                    onKeyUp={[Function]}
                    onMouseDown={[Function]}
                    onMouseEnter={[Function]}
                    onMouseLeave={[Function]}
                    onMouseUp={[Function]}
                    onTouchEnd={[Function]}
                    onTouchStart={[Function]}
                    style={
                      Object {
                        "WebkitTapHighlightColor": "rgba(0, 0, 0, 0)",
                        "backgroundColor": "#00bcd4",
                        "border": 10,
                        "borderRadius": 2,
                        "boxSizing": "border-box",
                        "cursor": "pointer",
                        "display": "inline-block",
                        "fontFamily": "Roboto, sans-serif",
                        "fontSize": "inherit",
                        "fontWeight": "inherit",
                        "height": 36,
                        "lineHeight": "36px",
                        "margin": 0,
                        "muiPrepared": true,
                        "outline": "none",
                        "padding": 0,
                        "position": "relative",
                        "textAlign": "center",
                        "textDecoration": "none",
                        "transition": "all 450ms cubic-bezier(0.23, 1, 0.32, 1) 0ms",
                        "verticalAlign": null,
                        "width": "100%",
                      }
                    }
                    tabIndex={0}
                    type="button"
                  >
                    <div
                      onMouseDown={[Function]}
                      onMouseLeave={[Function]}
                      onMouseUp={[Function]}
                      onTouchEnd={[Function]}
                      onTouchStart={[Function]}
                    >
                      <div
                        style={
                          Object {
                            "backgroundColor": false,
                            "borderRadius": 2,
                            "height": 36,
                            "muiPrepared": true,
                            "top": 0,
                            "transition": "all 450ms cubic-bezier(0.23, 1, 0.32, 1) 0ms",
                          }
                        }
                      >
                        <span
                          style={
                            Object {
                              "color": "#ffffff",
                              "fontSize": 14,
                              "fontWeight": 500,
                              "letterSpacing": 0,
                              "margin": 0,
                              "muiPrepared": true,
                              "opacity": 1,
                              "paddingLeft": 16,
                              "paddingRight": 16,
                              "position": "relative",
                              "textTransform": "uppercase",
                              "userSelect": "none",
                            }
                          }
                        >
                          Calcular
                        </span>
                      </div>
                    </div>
                  </button>
                </div>
              </td>
            </tr>
          </tfoot>
        </table>
      </div>
    </div>
    <h5>
      Use apenas números. Clique no botão para ver os resultados.
    </h5>
  </div>
</div>
`;
