// Jest Snapshot v1, https://goo.gl/fbAQLP

exports[`renders correctly 1`] = `
ShallowWrapper {
  "length": 1,
  Symbol(enzyme.__root__): [Circular],
  Symbol(enzyme.__unrendered__): <ResultsTable
    toShow={
        Object {
            "foo": "bar",
          }
    }
/>,
  Symbol(enzyme.__renderer__): Object {
    "batchedUpdates": [Function],
    "getNode": [Function],
    "render": [Function],
    "simulateEvent": [Function],
    "unmount": [Function],
  },
  Symbol(enzyme.__node__): Object {
    "instance": null,
    "key": null,
    "nodeType": "class",
    "props": Object {
      "allRowsSelected": false,
      "children": Array [
        <TableHeader
          adjustForCheckbox={false}
          displaySelectAll={false}
          enableSelectAll={true}
          selectAllSelected={false}
>
          <TableRow
                    displayBorder={true}
                    hoverable={false}
                    hovered={false}
                    selectable={true}
                    striped={false}
          >
                    <TableHeaderColumn>
                              Resultados 
                    </TableHeaderColumn>
          </TableRow>
</TableHeader>,
        <TableBody
          allRowsSelected={false}
          deselectOnClickaway={true}
          displayRowCheckbox={false}
          multiSelectable={false}
          preScanRows={true}
          selectable={true}
          style={Object {}}
>
          <TableRow
                    displayBorder={true}
                    hoverable={false}
                    hovered={false}
                    selectable={true}
                    striped={false}
          >
                    <TableRowColumn
                              hoverable={false}
                    >
                              foo
                    </TableRowColumn>
                    <TableRowColumn
                              hoverable={false}
                              style={
                                        Object {
                                                  "textAlign": "right",
                                                }
                              }
                    >
                              R$ 
                              bar
                    </TableRowColumn>
          </TableRow>
</TableBody>,
      ],
      "fixedFooter": true,
      "fixedHeader": true,
      "height": "inherit",
      "multiSelectable": false,
      "selectable": true,
      "style": Object {
        "margin": "0 1rem",
        "width": "90%",
      },
    },
    "ref": null,
    "rendered": Array [
      Object {
        "instance": null,
        "key": null,
        "nodeType": "class",
        "props": Object {
          "adjustForCheckbox": false,
          "children": <TableRow
            displayBorder={true}
            hoverable={false}
            hovered={false}
            selectable={true}
            striped={false}
>
            <TableHeaderColumn>
                        Resultados 
            </TableHeaderColumn>
</TableRow>,
          "displaySelectAll": false,
          "enableSelectAll": true,
          "selectAllSelected": false,
        },
        "ref": null,
        "rendered": Object {
          "instance": null,
          "key": null,
          "nodeType": "class",
          "props": Object {
            "children": <TableHeaderColumn>
              Resultados 
</TableHeaderColumn>,
            "displayBorder": true,
            "hoverable": false,
            "hovered": false,
            "selectable": true,
            "striped": false,
          },
          "ref": null,
          "rendered": Object {
            "instance": null,
            "key": null,
            "nodeType": "class",
            "props": Object {
              "children": Array [
                "Resultados ",
                undefined,
              ],
            },
            "ref": null,
            "rendered": Array [
              "Resultados ",
              undefined,
            ],
            "type": [Function],
          },
          "type": [Function],
        },
        "type": [Function],
      },
      Object {
        "instance": null,
        "key": null,
        "nodeType": "class",
        "props": Object {
          "allRowsSelected": false,
          "children": Array [
            <TableRow
              displayBorder={true}
              hoverable={false}
              hovered={false}
              selectable={true}
              striped={false}
>
              <TableRowColumn
                            hoverable={false}
              >
                            foo
              </TableRowColumn>
              <TableRowColumn
                            hoverable={false}
                            style={
                                          Object {
                                                        "textAlign": "right",
                                                      }
                            }
              >
                            R$ 
                            bar
              </TableRowColumn>
</TableRow>,
          ],
          "deselectOnClickaway": true,
          "displayRowCheckbox": false,
          "multiSelectable": false,
          "preScanRows": true,
          "selectable": true,
          "style": Object {},
        },
        "ref": null,
        "rendered": Array [
          Object {
            "instance": null,
            "key": "0",
            "nodeType": "class",
            "props": Object {
              "children": Array [
                <TableRowColumn
                  hoverable={false}
>
                  foo
</TableRowColumn>,
                <TableRowColumn
                  hoverable={false}
                  style={
                                    Object {
                                                      "textAlign": "right",
                                                    }
                  }
>
                  R$ 
                  bar
</TableRowColumn>,
              ],
              "displayBorder": true,
              "hoverable": false,
              "hovered": false,
              "selectable": true,
              "striped": false,
            },
            "ref": null,
            "rendered": Array [
              Object {
                "instance": null,
                "key": null,
                "nodeType": "class",
                "props": Object {
                  "children": "foo",
                  "hoverable": false,
                },
                "ref": null,
                "rendered": "foo",
                "type": [Function],
              },
              Object {
                "instance": null,
                "key": null,
                "nodeType": "class",
                "props": Object {
                  "children": Array [
                    "R$ ",
                    "bar",
                  ],
                  "hoverable": false,
                  "style": Object {
                    "textAlign": "right",
                  },
                },
                "ref": null,
                "rendered": Array [
                  "R$ ",
                  "bar",
                ],
                "type": [Function],
              },
            ],
            "type": [Function],
          },
        ],
        "type": [Function],
      },
    ],
    "type": [Function],
  },
  Symbol(enzyme.__nodes__): Array [
    Object {
      "instance": null,
      "key": null,
      "nodeType": "class",
      "props": Object {
        "allRowsSelected": false,
        "children": Array [
          <TableHeader
            adjustForCheckbox={false}
            displaySelectAll={false}
            enableSelectAll={true}
            selectAllSelected={false}
>
            <TableRow
                        displayBorder={true}
                        hoverable={false}
                        hovered={false}
                        selectable={true}
                        striped={false}
            >
                        <TableHeaderColumn>
                                    Resultados 
                        </TableHeaderColumn>
            </TableRow>
</TableHeader>,
          <TableBody
            allRowsSelected={false}
            deselectOnClickaway={true}
            displayRowCheckbox={false}
            multiSelectable={false}
            preScanRows={true}
            selectable={true}
            style={Object {}}
>
            <TableRow
                        displayBorder={true}
                        hoverable={false}
                        hovered={false}
                        selectable={true}
                        striped={false}
            >
                        <TableRowColumn
                                    hoverable={false}
                        >
                                    foo
                        </TableRowColumn>
                        <TableRowColumn
                                    hoverable={false}
                                    style={
                                                Object {
                                                            "textAlign": "right",
                                                          }
                                    }
                        >
                                    R$ 
                                    bar
                        </TableRowColumn>
            </TableRow>
</TableBody>,
        ],
        "fixedFooter": true,
        "fixedHeader": true,
        "height": "inherit",
        "multiSelectable": false,
        "selectable": true,
        "style": Object {
          "margin": "0 1rem",
          "width": "90%",
        },
      },
      "ref": null,
      "rendered": Array [
        Object {
          "instance": null,
          "key": null,
          "nodeType": "class",
          "props": Object {
            "adjustForCheckbox": false,
            "children": <TableRow
              displayBorder={true}
              hoverable={false}
              hovered={false}
              selectable={true}
              striped={false}
>
              <TableHeaderColumn>
                            Resultados 
              </TableHeaderColumn>
</TableRow>,
            "displaySelectAll": false,
            "enableSelectAll": true,
            "selectAllSelected": false,
          },
          "ref": null,
          "rendered": Object {
            "instance": null,
            "key": null,
            "nodeType": "class",
            "props": Object {
              "children": <TableHeaderColumn>
                Resultados 
</TableHeaderColumn>,
              "displayBorder": true,
              "hoverable": false,
              "hovered": false,
              "selectable": true,
              "striped": false,
            },
            "ref": null,
            "rendered": Object {
              "instance": null,
              "key": null,
              "nodeType": "class",
              "props": Object {
                "children": Array [
                  "Resultados ",
                  undefined,
                ],
              },
              "ref": null,
              "rendered": Array [
                "Resultados ",
                undefined,
              ],
              "type": [Function],
            },
            "type": [Function],
          },
          "type": [Function],
        },
        Object {
          "instance": null,
          "key": null,
          "nodeType": "class",
          "props": Object {
            "allRowsSelected": false,
            "children": Array [
              <TableRow
                displayBorder={true}
                hoverable={false}
                hovered={false}
                selectable={true}
                striped={false}
>
                <TableRowColumn
                                hoverable={false}
                >
                                foo
                </TableRowColumn>
                <TableRowColumn
                                hoverable={false}
                                style={
                                                Object {
                                                                "textAlign": "right",
                                                              }
                                }
                >
                                R$ 
                                bar
                </TableRowColumn>
</TableRow>,
            ],
            "deselectOnClickaway": true,
            "displayRowCheckbox": false,
            "multiSelectable": false,
            "preScanRows": true,
            "selectable": true,
            "style": Object {},
          },
          "ref": null,
          "rendered": Array [
            Object {
              "instance": null,
              "key": "0",
              "nodeType": "class",
              "props": Object {
                "children": Array [
                  <TableRowColumn
                    hoverable={false}
>
                    foo
</TableRowColumn>,
                  <TableRowColumn
                    hoverable={false}
                    style={
                                        Object {
                                                            "textAlign": "right",
                                                          }
                    }
>
                    R$ 
                    bar
</TableRowColumn>,
                ],
                "displayBorder": true,
                "hoverable": false,
                "hovered": false,
                "selectable": true,
                "striped": false,
              },
              "ref": null,
              "rendered": Array [
                Object {
                  "instance": null,
                  "key": null,
                  "nodeType": "class",
                  "props": Object {
                    "children": "foo",
                    "hoverable": false,
                  },
                  "ref": null,
                  "rendered": "foo",
                  "type": [Function],
                },
                Object {
                  "instance": null,
                  "key": null,
                  "nodeType": "class",
                  "props": Object {
                    "children": Array [
                      "R$ ",
                      "bar",
                    ],
                    "hoverable": false,
                    "style": Object {
                      "textAlign": "right",
                    },
                  },
                  "ref": null,
                  "rendered": Array [
                    "R$ ",
                    "bar",
                  ],
                  "type": [Function],
                },
              ],
              "type": [Function],
            },
          ],
          "type": [Function],
        },
      ],
      "type": [Function],
    },
  ],
  Symbol(enzyme.__options__): Object {
    "adapter": ReactSixteenAdapter {
      "options": Object {
        "enableComponentDidUpdateOnSetState": true,
      },
    },
  },
}
`;
